// Jest Snapshot v1, https://goo.gl/fbAQLP

exports[`HeroHeader section Same component during june 1`] = `undefined`;
